
  ___  ____  ____  ____  ____ ®
 /__    /   ____/   /   ____/      StataNow 19.5
___/   /   /___/   /   /___/       MP—Parallel Edition

 Statistics and Data Science       Copyright 1985-2025 StataCorp LLC
                                   StataCorp
                                   4905 Lakeway Drive
                                   College Station, Texas 77845 USA
                                   800-782-8272        https://www.stata.com
                                   979-696-4600        service@stata.com

Stata license: Unlimited-user 16-core network, expiring  2 Jul 2027
Serial number: 501909320077
  Licensed to: Roberto Gonzalez Tellez
               Stanford University GSB

Notes:
      1. Stata is running in batch mode.
      2. Unicode is supported; see help unicode_advice.
      3. More than 2 billion observations are allowed; see help obs_advice.
      4. Maximum number of variables is set to 5,000 but can be increased;
          see help set_maxvar.

. do a_loo_scandal_pa_vs_na.do 

. /* --------------------------------------------------------------------------
> --
>                     Violent effects of apex corruption
> 
>     Code author: Roberto Gonzalez
>     Date: 2026-07-27
> 
>     Objective:
>         Leave-one-out (LOO) robustness by scandal, on violent protests in the
>         +-30-day window, for THREE splits (each a separate set of figures wit
> h a
>         common y-axis WITHIN the split so panels are eyeball-comparable):
> 
>           - scandal type (interaction): Apex vs Non-Apex          [post_pa/po
> st_na]
>           - hierarchy (Table S5): President / Other Apex / Non-Apex
>                                                        [post_pres/post_oa/pos
> t_ona]
>           - democracy tercile: High / Medium / Low   [post_high/post_med/post
> _low]
> 
>         For each coefficient we drop, one at a time, each scandal belonging t
> o
>         that group, re-estimate, and plot the leave-one-out estimates (scanda
> ls
>         on the x-axis, angled labels; estimate + 90% CI on the y-axis).  A re
> d
>         line marks the coefficient on all scandals; a faint black line marks 
> 0.
> 
>     Outputs (paper/figures/): loo_scandal_beta_<grp>_violent_w30.pdf for
>         grp in {apex, nonapex, pres, oa, ona, high, med, low}.
> ---------------------------------------------------------------------------- 
> */
. 
. set more off

. clear all

. 
. if "`c(username)'" == "lalov" {
.         gl identity "C:\Users\lalov\ITAM Seira Research Dropbox\Eduardo River
> a"
. }

. if "`c(username)'" == "Rob_9" {
.         global identity "C:/Users/Rob_9/Dropbox"
. }

. if "`c(username)'" == "rob98" {
.         global identity "~/Dropbox"
. }

. 
. global path    "${identity}/Corrupcion/WORKING FOLDER/Event Study - Scandals"

. global datfin  "${path}/Data/final"

. global figout  "${identity}/Corrupcion/protest_repo/paper/figures"

. 
. local firstyear = 2008

. local WIN       = 30

. local OUTCOME   = "num_violent_MM"

. local zcrit     = invnormal(0.95)

. 
. /* --------------- Load + attach classification --------------- */
. import delimited using "${datfin}/scandals_classified.csv", ///
>         clear varnames(1) bindquotes(strict)
(encoding automatically selected: UTF-8)
(7 vars, 190 obs)

. keep id country position

. tempfile cls

. save `cls'
file C:\Users\rob98\AppData\Local\Temp\ST_bc98_000001.tmp saved as .dta
    format

. 
. use "${datfin}/protests_scandals_30days_v3", clear

. drop if country == "Venezuela"
(3,374 observations deleted)

. merge m:1 id country using `cls', keep(1 3) generate(_mclass)

    Result                      Number of obs
    -----------------------------------------
    Not matched                             0
    Matched                            42,657  (_mclass==3)
    -----------------------------------------

. 
. /* two-group flags */
. gen byte in_pa = 0

. replace in_pa = 1 if position == "president"
(10,845 real changes made)

. replace in_pa = 1 if position == "governor"
(3,615 real changes made)

. replace in_pa = 1 if position == "sc_judge_congressman" & ///
>         inlist(id, "202", "NEW26", "NEW30", "332")
(964 real changes made)

. gen byte in_na = 0

. replace in_na = 1 if position == "sc_judge_congressman" & ///
>         !inlist(id, "202", "NEW26", "NEW30", "332")
(3,374 real changes made)

. replace in_na = 1 if position == "other_judiciary"
(3,856 real changes made)

. replace in_na = 1 if position == "others"
(20,003 real changes made)

. 
. /* three-group hierarchy category (as in Table S5) */
. gen byte apex_cat = .
(42,657 missing values generated)

. replace apex_cat = 1 if position == "president"
(10,845 real changes made)

. replace apex_cat = 2 if position == "governor"
(3,615 real changes made)

. replace apex_cat = 2 if position == "sc_judge_congressman" & ///
>         inlist(id, "202", "NEW26", "NEW30", "332")
(964 real changes made)

. replace apex_cat = 3 if position == "sc_judge_congressman" & ///
>         !inlist(id, "202", "NEW26", "NEW30", "332")
(3,374 real changes made)

. replace apex_cat = 3 if position == "other_judiciary"
(3,856 real changes made)

. replace apex_cat = 3 if position == "others"
(20,003 real changes made)

. 
. gen byte post_pa   = post * in_pa

. gen byte post_na   = post * in_na

. gen byte post_pres = post * (apex_cat == 1)

. gen byte post_oa   = post * (apex_cat == 2)

. gen byte post_ona  = post * (apex_cat == 3)

. 
. egen grupo_dias = group(s_lag30 s_lag60 s_lag90 s_lag120 ///
>                         s_lead30 s_lead60 s_lead90 s_lead120)

. 
. gen int _sy = year if window == 0
(42,481 missing values generated)

. bysort country id: egen scanyear = max(_sy)

. drop _sy

. 
. /* --- democracy terciles (V-Dem 2008), as in a_sup_democracy_terciles.do ---
>  */
. tempfile scdata

. save `scdata'
file C:\Users\rob98\AppData\Local\Temp\ST_bc98_000002.tmp saved as .dta
    format

. capture confirm file "${identity}/Corrupcion/replication-package-jpe/data/raw
> /protest/VDEM/vdem cy full others.dta"

. if _rc == 0 {
.         use "${identity}/Corrupcion/replication-package-jpe/data/raw/protest/
> VDEM/vdem cy full others.dta", clear
(V-Dem CY-Full+Others)
. }

. else {
.         use "${identity}/Corrupcion/WORKING FOLDER/Event Study - Scandals/Dat
> a/raw/VDEM/VDEM CY Full Others.dta", clear
. }

. keep country_name year v2x_polyarchy

. keep if year == 2008
(27,556 observations deleted)

. replace country_name = "Dominican Republic" if country_name == "Dominican Rep
> ."
(0 real changes made)

. rename country_name country

. rename v2x_polyarchy elec_demo_index

. keep country elec_demo_index

. tempfile vdem

. save `vdem'
file C:\Users\rob98\AppData\Local\Temp\ST_bc98_000003.tmp saved as .dta
    format

. use `scdata', clear

. merge m:1 country using `vdem', keep(1 3) nogenerate

    Result                      Number of obs
    -----------------------------------------
    Not matched                             0
    Matched                            42,657  
    -----------------------------------------

. preserve

.         keep if !missing(elec_demo_index)
(0 observations deleted)

.         bysort country: keep if _n == 1
(42,641 observations deleted)

.         xtile terc3 = elec_demo_index, nq(3)

.         keep country terc3

.         tempfile terc

.         save `terc'
file C:\Users\rob98\AppData\Local\Temp\ST_bc98_000005.tmp saved as .dta
    format

. restore

. merge m:1 country using `terc', keep(1 3) nogenerate

    Result                      Number of obs
    -----------------------------------------
    Not matched                             0
    Matched                            42,657  
    -----------------------------------------

. gen byte post_high = post * (terc3 == 3)

. gen byte post_med  = post * (terc3 == 2)

. gen byte post_low  = post * (terc3 == 1)

. 
. tempfile base

. save `base'
file C:\Users\rob98\AppData\Local\Temp\ST_bc98_000006.tmp saved as .dta
    format

. 
. /* ---- full-sample coefficients (red reference lines) ---- */
. use `base', clear

. reghdfe `OUTCOME' post_pa post_na i.month i.day ///
>         if year >= `firstyear' & abs(window) <= `WIN' & (in_pa == 1 | in_na =
> = 1), ///
>         absorb(i.country_id#i.year) vce(cluster i.country_id#i.year#i.grupo_d
> ias)
(MWFE estimator converged in 1 iterations)

HDFE Linear regression                            Number of obs   =     10,736
Absorbing 1 HDFE group                            F(  19,    162) =       2.75
Statistics robust to heteroskedasticity           Prob > F        =     0.0003
                                                  R-squared       =     0.1706
                                                  Adj R-squared   =     0.1626
                                                  Within R-sq.    =     0.0663
Number of clusters (country_id#year#grupo_dias) =        163Root MSE=     0.144
> 4

           (Std. err. adjusted for 163 clusters in country_id#year#grupo_dias)
------------------------------------------------------------------------------
             |               Robust
num_violen~M | Coefficient  std. err.      t    P>|t|     [95% conf. interval]
-------------+----------------------------------------------------------------
     post_pa |   .0517088    .018777     2.75   0.007     .0146295    .0887881
     post_na |  -.0043405    .007972    -0.54   0.587    -.0200829    .0114018
             |
       month |
          2  |  -.0997109   .0402698    -2.48   0.014    -.1792324   -.0201895
          3  |  -.1728038   .0627919    -2.75   0.007       -.2968   -.0488076
          4  |  -.1559948   .0624368    -2.50   0.013    -.2792897   -.0326998
          5  |  -.1288401   .0596148    -2.16   0.032    -.2465625   -.0111177
          6  |  -.1152719   .0614024    -1.88   0.062    -.2365242    .0059805
          7  |  -.1025339   .0650286    -1.58   0.117    -.2309469    .0258792
          8  |  -.1212942   .0643148    -1.89   0.061    -.2482977    .0057092
          9  |  -.1396316   .0600869    -2.32   0.021    -.2582861   -.0209771
         10  |  -.1413174   .0605996    -2.33   0.021    -.2609843   -.0216505
         11  |  -.1302947   .0627075    -2.08   0.039    -.2541241   -.0064653
         12  |  -.0831863   .0740011    -1.12   0.263    -.2293174    .0629447
             |
         day |
          1  |    .001348   .0024674     0.55   0.586    -.0035244    .0062205
          2  |   .0024774   .0038259     0.65   0.518    -.0050777    .0100324
          3  |   .0036776   .0038079     0.97   0.336    -.0038419    .0111972
          4  |   .0004843   .0029428     0.16   0.869    -.0053269    .0062954
          5  |  -.0028969   .0024341    -1.19   0.236    -.0077036    .0019098
          6  |  -.0046111   .0021045    -2.19   0.030     -.008767   -.0004552
             |
       _cons |    .131955   .0523672     2.52   0.013     .0285446    .2353653
------------------------------------------------------------------------------

Absorbed degrees of freedom:
-----------------------------------------------------------+
       Absorbed FE | Categories  - Redundant  = Num. Coefs |
-------------------+---------------------------------------|
   country_id#year |        84           0          84     |
-----------------------------------------------------------+

. scalar b_apex    = _b[post_pa]

. scalar b_nonapex = _b[post_na]

. 
. use `base', clear

. reghdfe `OUTCOME' post_pres post_oa post_ona i.month i.day ///
>         if year >= `firstyear' & abs(window) <= `WIN' & !missing(apex_cat), /
> //
>         absorb(i.country_id#i.year) vce(cluster i.country_id#i.year#i.grupo_d
> ias)
(MWFE estimator converged in 1 iterations)

HDFE Linear regression                            Number of obs   =     10,736
Absorbing 1 HDFE group                            F(  20,    162) =       2.98
Statistics robust to heteroskedasticity           Prob > F        =     0.0001
                                                  R-squared       =     0.1779
                                                  Adj R-squared   =     0.1699
                                                  Within R-sq.    =     0.0745
Number of clusters (country_id#year#grupo_dias) =        163Root MSE=     0.143
> 8

           (Std. err. adjusted for 163 clusters in country_id#year#grupo_dias)
------------------------------------------------------------------------------
             |               Robust
num_violen~M | Coefficient  std. err.      t    P>|t|     [95% conf. interval]
-------------+----------------------------------------------------------------
   post_pres |   .0277552   .0088297     3.14   0.002      .010319    .0451915
     post_oa |    .112113    .046896     2.39   0.018     .0195069    .2047192
    post_ona |  -.0041294   .0073936    -0.56   0.577    -.0187298    .0104709
             |
       month |
          2  |  -.0944301   .0394388    -2.39   0.018    -.1723105   -.0165498
          3  |  -.1684212   .0613744    -2.74   0.007    -.2896183   -.0472241
          4  |  -.1521883   .0613388    -2.48   0.014    -.2733151   -.0310615
          5  |  -.1235012   .0579156    -2.13   0.034     -.237868   -.0091343
          6  |  -.1147097    .059973    -1.91   0.058    -.2331394    .0037199
          7  |  -.1043719   .0632566    -1.65   0.101    -.2292858     .020542
          8  |  -.1181991   .0625822    -1.89   0.061    -.2417812     .005383
          9  |  -.1357852   .0582978    -2.33   0.021    -.2509069   -.0206635
         10  |  -.1431338   .0601238    -2.38   0.018    -.2618611   -.0244065
         11  |  -.1295196   .0614926    -2.11   0.037      -.25095   -.0080893
         12  |  -.0799335   .0724464    -1.10   0.272    -.2229946    .0631276
             |
         day |
          1  |   .0012796   .0024829     0.52   0.607    -.0036235    .0061827
          2  |   .0025085   .0038001     0.66   0.510    -.0049956    .0100126
          3  |   .0036557   .0038055     0.96   0.338    -.0038591    .0111704
          4  |   .0004659   .0029394     0.16   0.874    -.0053386    .0062705
          5  |  -.0030423   .0024552    -1.24   0.217    -.0078906    .0018061
          6  |  -.0046584    .002104    -2.21   0.028    -.0088132   -.0005036
             |
       _cons |   .1298464     .05149     2.52   0.013     .0281684    .2315245
------------------------------------------------------------------------------

Absorbed degrees of freedom:
-----------------------------------------------------------+
       Absorbed FE | Categories  - Redundant  = Num. Coefs |
-------------------+---------------------------------------|
   country_id#year |        84           0          84     |
-----------------------------------------------------------+

. scalar b_pres = _b[post_pres]

. scalar b_oa   = _b[post_oa]

. scalar b_ona  = _b[post_ona]

. 
. use `base', clear

. reghdfe `OUTCOME' post_high post_med post_low i.month i.day ///
>         if year >= `firstyear' & abs(window) <= `WIN' & !missing(terc3), ///
>         absorb(i.country_id#i.year) vce(cluster i.country_id#i.year#i.grupo_d
> ias)
(MWFE estimator converged in 1 iterations)

HDFE Linear regression                            Number of obs   =     10,736
Absorbing 1 HDFE group                            F(  20,    162) =       2.56
Statistics robust to heteroskedasticity           Prob > F        =     0.0006
                                                  R-squared       =     0.1601
                                                  Adj R-squared   =     0.1520
                                                  Within R-sq.    =     0.0545
Number of clusters (country_id#year#grupo_dias) =        163Root MSE=     0.145
> 3

           (Std. err. adjusted for 163 clusters in country_id#year#grupo_dias)
------------------------------------------------------------------------------
             |               Robust
num_violen~M | Coefficient  std. err.      t    P>|t|     [95% conf. interval]
-------------+----------------------------------------------------------------
   post_high |   .0106506   .0060173     1.77   0.079    -.0012318     .022533
    post_med |   .0265988   .0145588     1.83   0.070    -.0021508    .0553484
    post_low |   .0124179   .0060635     2.05   0.042     .0004442    .0243916
             |
       month |
          2  |  -.0955539    .039886    -2.40   0.018    -.1743174   -.0167903
          3  |  -.1666341   .0614501    -2.71   0.007    -.2879807   -.0452876
          4  |  -.1516569   .0615422    -2.46   0.015    -.2731852   -.0301287
          5  |  -.1266215   .0601305    -2.11   0.037    -.2453621   -.0078809
          6  |  -.1150899   .0622204    -1.85   0.066    -.2379575    .0077777
          7  |  -.1057482   .0668251    -1.58   0.115    -.2377088    .0262124
          8  |  -.1248555   .0656337    -1.90   0.059    -.2544635    .0047524
          9  |  -.1430924   .0626351    -2.28   0.024    -.2667789   -.0194059
         10  |  -.1403406    .061771    -2.27   0.024    -.2623208   -.0183603
         11  |   -.126354   .0622153    -2.03   0.044    -.2492115   -.0034965
         12  |   -.078363   .0733507    -1.07   0.287    -.2232098    .0664838
             |
         day |
          1  |   .0011372   .0024902     0.46   0.649    -.0037803    .0060547
          2  |   .0022775   .0038392     0.59   0.554    -.0053038    .0098589
          3  |   .0035294   .0038129     0.93   0.356    -.0039999    .0110587
          4  |   .0003297   .0029732     0.11   0.912    -.0055415    .0062008
          5  |  -.0029885   .0024462    -1.22   0.224    -.0078191     .001842
          6  |  -.0047241   .0021109    -2.24   0.027    -.0088926   -.0005556
             |
       _cons |   .1309633   .0529891     2.47   0.014     .0263249    .2356017
------------------------------------------------------------------------------

Absorbed degrees of freedom:
-----------------------------------------------------------+
       Absorbed FE | Categories  - Redundant  = Num. Coefs |
-------------------+---------------------------------------|
   country_id#year |        84           0          84     |
-----------------------------------------------------------+

. scalar b_high = _b[post_high]

. scalar b_med  = _b[post_med]

. scalar b_low  = _b[post_low]

. 
. /* ---- per-group settings ---- */
. capture program drop grpset

. program define grpset
  1.         args grp
  2.         if "`grp'" == "apex" {
  3.                 global g_rhs "post_pa post_na"
  4.                 global g_coef "post_pa"
  5.                 global g_samp "(in_pa == 1 | in_na == 1)"
  6.                 global g_mem "in_pa == 1"
  7.                 global g_split "sc"
  8.                 global g_bf "b_apex"
  9.                 global g_ytit "Leave-one-out estimate"
 10.         }
 11.         else if "`grp'" == "nonapex" {
 12.                 global g_rhs "post_pa post_na"
 13.                 global g_coef "post_na"
 14.                 global g_samp "(in_pa == 1 | in_na == 1)"
 15.                 global g_mem "in_na == 1"
 16.                 global g_split "sc"
 17.                 global g_bf "b_nonapex"
 18.                 global g_ytit "Leave-one-out estimate"
 19.         }
 20.         else if "`grp'" == "pres" {
 21.                 global g_rhs "post_pres post_oa post_ona"
 22.                 global g_coef "post_pres"
 23.                 global g_samp "!missing(apex_cat)"
 24.                 global g_mem "apex_cat == 1"
 25.                 global g_split "hier"
 26.                 global g_bf "b_pres"
 27.                 global g_ytit "Leave-one-out estimate"
 28.         }
 29.         else if "`grp'" == "oa" {
 30.                 global g_rhs "post_pres post_oa post_ona"
 31.                 global g_coef "post_oa"
 32.                 global g_samp "!missing(apex_cat)"
 33.                 global g_mem "apex_cat == 2"
 34.                 global g_split "hier"
 35.                 global g_bf "b_oa"
 36.                 global g_ytit "Leave-one-out estimate"
 37.         }
 38.         else if "`grp'" == "ona" {
 39.                 global g_rhs "post_pres post_oa post_ona"
 40.                 global g_coef "post_ona"
 41.                 global g_samp "!missing(apex_cat)"
 42.                 global g_mem "apex_cat == 3"
 43.                 global g_split "hier"
 44.                 global g_bf "b_ona"
 45.                 global g_ytit "Leave-one-out estimate"
 46.         }
 47.         else if "`grp'" == "high" {
 48.                 global g_rhs "post_high post_med post_low"
 49.                 global g_coef "post_high"
 50.                 global g_samp "!missing(terc3)"
 51.                 global g_mem "terc3 == 3"
 52.                 global g_split "demo"
 53.                 global g_bf "b_high"
 54.                 global g_ytit "Leave-one-out estimate"
 55.         }
 56.         else if "`grp'" == "med" {
 57.                 global g_rhs "post_high post_med post_low"
 58.                 global g_coef "post_med"
 59.                 global g_samp "!missing(terc3)"
 60.                 global g_mem "terc3 == 2"
 61.                 global g_split "demo"
 62.                 global g_bf "b_med"
 63.                 global g_ytit "Leave-one-out estimate"
 64.         }
 65.         else {
 66.                 global g_rhs "post_high post_med post_low"
 67.                 global g_coef "post_low"
 68.                 global g_samp "!missing(terc3)"
 69.                 global g_mem "terc3 == 1"
 70.                 global g_split "demo"
 71.                 global g_bf "b_low"
 72.                 global g_ytit "Leave-one-out estimate"
 73.         }
 74. end

. 
. /* ============================================================
>    PASS 1 - run each LOO, store estimates
>    ============================================================ */
. tempname A

. tempfile allres

. postfile `A' str8 grp str8 split int sid double est double se str48 lab ///
>         using "`allres'", replace
(file C:\Users\rob98\AppData\Local\Temp\ST_bc98_000007.tmp not found)

. 
. foreach grp in apex nonapex pres oa ona high med low {
  2.         grpset "`grp'"
  3.         local IF "year >= `firstyear' & abs(window) <= `WIN' & ${g_samp}"
  4. 
.         use `base', clear
  5.         keep if `IF' & ${g_mem}
  6.         keep country id scanyear
  7.         duplicates drop
  8.         /* flag country-year combinations that appear more than once WITHI
> N this
>            group, so we can disambiguate them by scandal id in the label */
.         bysort country scanyear: gen byte _ndup = _N
  9.         sort country id
 10.         local NS = _N
 11.         forvalues i = 1/`NS' {
 12.                 local ctry`i' = country[`i']
 13.                 local idv`i'  = id[`i']
 14.                 local yr`i'   = scanyear[`i']
 15.                 local dup`i'  = _ndup[`i']
 16.         }
 17.         di as result "Group `grp' [${g_split}]: `NS' scandals..."
 18. 
.         use `base', clear
 19.         forvalues i = 1/`NS' {
 20.                 local c "`ctry`i''"
 21.                 local s "`idv`i''"
 22.                 capture reghdfe `OUTCOME' ${g_rhs} i.month i.day ///
>                         if `IF' & !(country == "`c'" & id == "`s'"), ///
>                         absorb(i.country_id#i.year) vce(cluster i.country_id#
> i.year#i.grupo_dias)
 23.                 if _rc continue
 24.                 if `dup`i'' > 1 local lab "`ctry`i'' - `yr`i'' (`idv`i'')"
 25.                 else            local lab "`ctry`i'' - `yr`i''"
 26.                 post `A' ("`grp'") ("${g_split}") (`i') (_b[${g_coef}]) (_
> se[${g_coef}]) ("`lab'")
 27.         }
 28. }
(38,814 observations deleted)

Duplicates in terms of all variables

(3,780 observations deleted)
Group apex [sc]: 63 scandals...
(35,764 observations deleted)

Duplicates in terms of all variables

(6,780 observations deleted)
Group nonapex [sc]: 113 scandals...
(39,912 observations deleted)

Duplicates in terms of all variables

(2,700 observations deleted)
Group pres [hier]: 45 scandals...
(41,559 observations deleted)

Duplicates in terms of all variables

(1,080 observations deleted)
Group oa [hier]: 18 scandals...
(35,764 observations deleted)

Duplicates in terms of all variables

(6,780 observations deleted)
Group ona [hier]: 113 scandals...
(38,814 observations deleted)

Duplicates in terms of all variables

(3,780 observations deleted)
Group high [demo]: 63 scandals...
(39,607 observations deleted)

Duplicates in terms of all variables

(3,000 observations deleted)
Group med [demo]: 50 scandals...
(38,814 observations deleted)

Duplicates in terms of all variables

(3,780 observations deleted)
Group low [demo]: 63 scandals...

. postclose `A'

. 
. /* ---- common y-range per split (constant within split), in scalars ---- */
. use "`allres'", clear

. gen double lo = est - `zcrit' * se

. gen double hi = est + `zcrit' * se

. foreach sp in sc hier demo {
  2.         quietly summarize lo if split == "`sp'"
  3.         scalar rmin = r(min)
  4.         quietly summarize hi if split == "`sp'"
  5.         scalar rmax = r(max)
  6.         scalar rpad = 0.05 * (rmax - rmin)
  7.         scalar ylo_`sp' = rmin - rpad
  8.         scalar yhi_`sp' = rmax + rpad
  9.         /* nice label step spanning the full range (~7 ticks) */
.         scalar rraw = (yhi_`sp' - ylo_`sp') / 7
 10.         scalar rmag = 10 ^ floor(log10(rraw))
 11.         scalar rmul = rraw / rmag
 12.         if      rmul < 1.5 scalar step_`sp' = 1  * rmag
 13.         else if rmul < 3.5 scalar step_`sp' = 2  * rmag
 14.         else if rmul < 7.5 scalar step_`sp' = 5  * rmag
 15.         else               scalar step_`sp' = 10 * rmag
 16.         scalar lolab_`sp' = ceil(ylo_`sp' / step_`sp') * step_`sp'
 17.         scalar hilab_`sp' = floor(yhi_`sp' / step_`sp') * step_`sp'
 18. }

. 
. /* ============================================================
>    PASS 2 - plot each group with its split's common y-range
>    ============================================================ */
. /* Common FIGURE SIZE within each split: use the largest group's scandal
>    count to set ONE width for every panel in the split, so all panels share
>    an identical aspect ratio (and hence an identical visual y-scale once each
>    is displayed at the same width in the paper). */
. foreach sp in sc hier demo {
  2.         scalar nmax_`sp' = 0
  3. }

. use "`allres'", clear

. foreach grp in apex nonapex pres oa ona high med low {
  2.         grpset "`grp'"
  3.         local sp2 "${g_split}"
  4.         quietly count if grp == "`grp'"
  5.         scalar nmax_`sp2' = max(nmax_`sp2', r(N))
  6. }

. 
. foreach grp in apex nonapex pres oa ona high med low {
  2.         grpset "`grp'"
  3.         local sp "${g_split}"
  4.         scalar bfull = ${g_bf}
  5.         if "`sp'" == "sc" {
  6.                 local ylo = ylo_sc
  7.                 local yhi = yhi_sc
  8.                 local ylab = lolab_sc
  9.                 local yhib = hilab_sc
 10.                 local ystp = step_sc
 11.         }
 12.         if "`sp'" == "hier" {
 13.                 local ylo = ylo_hier
 14.                 local yhi = yhi_hier
 15.                 local ylab = lolab_hier
 16.                 local yhib = hilab_hier
 17.                 local ystp = step_hier
 18.         }
 19.         if "`sp'" == "demo" {
 20.                 local ylo = ylo_demo
 21.                 local yhi = yhi_demo
 22.                 local ylab = lolab_demo
 23.                 local yhib = hilab_demo
 24.                 local ystp = step_demo
 25.         }
 26. 
.         use "`allres'", clear
 27.         keep if grp == "`grp'"
 28.         gen double lo = est - `zcrit' * se
 29.         gen double hi = est + `zcrit' * se
 30.         gsort est
 31.         gen int rank = _n
 32.         capture label drop rlab
 33.         forvalues i = 1/`=_N' {
 34.                 local L = lab[`i']
 35.                 label define rlab `i' "`L'", add
 36.         }
 37.         label values rank rlab
 38.         /* width from the split's LARGEST group, so every panel in the spl
> it is
>            the same physical size (identical aspect ratio and visual y-scale)
>  */
.         if "`sp'" == "sc"   local nmx = nmax_sc
 39.         if "`sp'" == "hier" local nmx = nmax_hier
 40.         if "`sp'" == "demo" local nmx = nmax_demo
 41.         /* minimum width keeps a wide/short aspect so that a 3-panel split
>  (e.g.
>            the democracy terciles) fits on a single page when stacked */
.         local wd = max(13, `nmx' * 0.13)
 42. 
.         twoway (rspike lo hi rank, lcolor(gs8) lwidth(thin)) ///
>                (scatter est rank, mcolor(navy) msymbol(O) msize(small)), ///
>                 yline(0, lcolor(black%10) lwidth(vvthick) lpattern(solid)) //
> /
>                 yline(`=bfull', lcolor(red) lwidth(medthick) lpattern(solid))
>  ///
>                 yscale(range(`ylo' `yhi')) ///
>                 ylabel(`ylab'(`ystp')`yhib', angle(horizontal) format(%4.3fc)
> ) ///
>                 ytitle("${g_ytit}", size(medium)) ///
>                 xtitle("") ///
>                 xlabel(1(1)`=_N', valuelabel labsize(tiny) angle(90) nogrid) 
> ///
>                 xscale(range(0 `=_N+1')) ///
>                 legend(off) ///
>                 note("Red line: coefficient estimated on all scandals.", size
> (small)) ///
>                 graphregion(color(white) fcolor(white)) scheme(s2color) ///
>                 xsize(`wd') ysize(4.3)
 43.         graph export "${figout}/loo_scandal_beta_`grp'_violent_w`WIN'.pdf"
> , replace
 44.         display in green "loo_scandal_beta_`grp'_violent_w`WIN'.pdf writte
> n"
 45. }
(465 observations deleted)
file
    C:\Users\rob98/Dropbox/Corrupcion/protest_repo/paper/figures/loo_scandal_
    > beta_apex_violent_w30.pdf saved as PDF format
loo_scandal_beta_apex_violent_w30.pdf written
(415 observations deleted)
file
    C:\Users\rob98/Dropbox/Corrupcion/protest_repo/paper/figures/loo_scandal_
    > beta_nonapex_violent_w30.pdf saved as PDF format
loo_scandal_beta_nonapex_violent_w30.pdf written
(483 observations deleted)
file
    C:\Users\rob98/Dropbox/Corrupcion/protest_repo/paper/figures/loo_scandal_
    > beta_pres_violent_w30.pdf saved as PDF format
loo_scandal_beta_pres_violent_w30.pdf written
(510 observations deleted)
file
    C:\Users\rob98/Dropbox/Corrupcion/protest_repo/paper/figures/loo_scandal_
    > beta_oa_violent_w30.pdf saved as PDF format
loo_scandal_beta_oa_violent_w30.pdf written
(415 observations deleted)
file
    C:\Users\rob98/Dropbox/Corrupcion/protest_repo/paper/figures/loo_scandal_
    > beta_ona_violent_w30.pdf saved as PDF format
loo_scandal_beta_ona_violent_w30.pdf written
(465 observations deleted)
file
    C:\Users\rob98/Dropbox/Corrupcion/protest_repo/paper/figures/loo_scandal_
    > beta_high_violent_w30.pdf saved as PDF format
loo_scandal_beta_high_violent_w30.pdf written
(478 observations deleted)
file
    C:\Users\rob98/Dropbox/Corrupcion/protest_repo/paper/figures/loo_scandal_
    > beta_med_violent_w30.pdf saved as PDF format
loo_scandal_beta_med_violent_w30.pdf written
(465 observations deleted)
file
    C:\Users\rob98/Dropbox/Corrupcion/protest_repo/paper/figures/loo_scandal_
    > beta_low_violent_w30.pdf saved as PDF format
loo_scandal_beta_low_violent_w30.pdf written

. 
. display in green "a_loo_scandal_pa_vs_na.do finished OK"
a_loo_scandal_pa_vs_na.do finished OK

. 
end of do-file
