
  ___  ____  ____  ____  ____ ®
 /__    /   ____/   /   ____/      StataNow 19.5
___/   /   /___/   /   /___/       MP—Parallel Edition

 Statistics and Data Science       Copyright 1985-2025 StataCorp LLC
                                   StataCorp
                                   4905 Lakeway Drive
                                   College Station, Texas 77845 USA
                                   800-782-8272        https://www.stata.com
                                   979-696-4600        service@stata.com

Stata license: Unlimited-user 16-core network, expiring  2 Jul 2027
Serial number: 501909320077
  Licensed to: Roberto Gonzalez Tellez
               Stanford University GSB

Notes:
      1. Stata is running in batch mode.
      2. Unicode is supported; see help unicode_advice.
      3. More than 2 billion observations are allowed; see help obs_advice.
      4. Maximum number of variables is set to 5,000 but can be increased;
          see help set_maxvar.

. do a_pooled_event_study_pa_vs_na.do 

. /* --------------------------------------------------------------------------
> --
>    Project: Apex Corruption protests paper
> 
>    Objective:
>      POOLED event study -- the dynamic analog of the interaction table
>      (Table 1 / eq:interaction).  Instead of estimating a separate event
>      study on the Apex and Non-Apex subsamples, we estimate ONE regression on
>      the pooled sample in which the event-time bin indicators are interacted
>      with the apex and non-apex flags:
> 
>         Y = sum_k ( bApex_k D_k 1{Apex} + bNA_k D_k 1{Non-Apex} )
>             + month + day + country#year + e
> 
>      The bin just before disclosure (event time -1, days [-15,-1]) is the
>      omitted reference for EACH group.  Because both groups are estimated
>      jointly on the same sample with the same fixed effects, the resulting
>      paths bApex_k and bNA_k are directly comparable to the pooled
>      Post x {Apex, Non-Apex} coefficients of Table 1.
> 
>      For each outcome we overlay the Apex and Non-Apex paths on one axis.
> 
>    Inputs:
>      - ${datfin}/protests_scandals_30days_v3.dta
>      - ${datfin}/scandals_classified.csv
> 
>    Outputs (paper/figures/):
>      - es_pooled_<outcome>_w<T>_b<B>_ols_90ci.pdf
>        for outcome in {num_violent_MM, num_peaceful_MM}, T in {60,120}, B=15.
> ---------------------------------------------------------------------------- 
> */
. 
. set more off

. clear all

. 
. if "`c(username)'" == "Diego" {
.         gl identity "D:/Documents/Dropbox"
. }

. if "`c(username)'" == "dtocre" {
.         gl identity "C:/Users/dtocre/Dropbox"
. }

. if "`c(username)'" == "lalov" {
.         gl identity "C:/Users/lalov/ITAM Seira Research Dropbox/Eduardo River
> a"
. }

. if "`c(username)'" == "Rob_9" {
.         global identity "C:/Users/Rob_9/Dropbox"
. }

. if "`c(username)'" == "rob98" {
.         global identity "~/Dropbox"
. }

. 
. global path    "${identity}/Corrupcion/WORKING FOLDER/Event Study - Scandals"

. global datfin  "${path}/Data/final"

. global figout  "${identity}/Corrupcion/protest_repo/paper/figures"

. 
. local firstyear = 2008

. local ci_level  = 90

. local zcrit     = invnormal(0.95)   /* 1.6449 for a 90% CI */

. 
. /* --------------- Load + attach classification --------------- */
. import delimited using "${datfin}/scandals_classified.csv", ///
>         clear varnames(1) bindquotes(strict)
(encoding automatically selected: UTF-8)
(7 vars, 190 obs)

. keep id country position

. tempfile cls

. save `cls'
file C:\Users\rob98\AppData\Local\Temp\ST_b74c_000001.tmp saved as .dta
    format

. 
. use "${datfin}/protests_scandals_30days_v3", clear

. drop if country == "Venezuela"
(3,374 observations deleted)

. merge m:1 id country using `cls', keep(1 3) generate(_mclass)

    Result                      Number of obs
    -----------------------------------------
    Not matched                             0
    Matched                            42,657  (_mclass==3)
    -----------------------------------------

. 
. gen byte in_pa = 0

. replace in_pa = 1 if position == "president"
(10,845 real changes made)

. replace in_pa = 1 if position == "governor"
(3,615 real changes made)

. replace in_pa = 1 if position == "sc_judge_congressman" & ///
>         inlist(id, "202", "NEW26", "NEW30", "332", "NEW23")
(1,205 real changes made)

. 
. gen byte in_na = 0

. replace in_na = 1 if position == "sc_judge_congressman" & ///
>         !inlist(id, "202", "NEW26", "NEW30", "332", "NEW23")
(3,133 real changes made)

. replace in_na = 1 if position == "other_judiciary"
(3,856 real changes made)

. replace in_na = 1 if position == "others"
(20,003 real changes made)

. 
. egen grupo_dias    = group(s_lag30 s_lag60 s_lag90 s_lag120 ///
>                            s_lead30 s_lead60 s_lead90 s_lead120)

. egen group_cluster = group(country_id year grupo_dias)

. egen auxvar        = group(country year)   /* country x year FE */

. 
. tempfile base

. save `base'
file C:\Users\rob98\AppData\Local\Temp\ST_b74c_000002.tmp saved as .dta
    format

. 
. /* ============================================================
>    LOOP OVER EVENT-WINDOW WIDTH (15-day bins)
>    ============================================================ */
. local B = 15

. foreach T in 30 60 90 120 {
  2. 
.         local nb = `T' / `B'                  /* bins per side */
  3. 
.         /* ---- names of the interacted event-time dummies ---- */
.         local esvars ""
  4.         forvalues j = `nb'(-1)2 {
  5.                 local esvars "`esvars' pa_m`j' na_m`j'"
  6.         }
  7.         forvalues j = 1/`nb' {
  8.                 local esvars "`esvars' pa_p`j' na_p`j'"
  9.         }
 10. 
.         /* ============ PASS 1: common y-range across both outcomes =========
> === */
.         local ymin = 0
 11.         local ymax = 0
 12.         foreach outcome in num_violent_MM num_peaceful_MM {
 13.                 use `base', clear
 14.                 keep if year >= `firstyear' & abs(window) <= `T'
 15.                 gen int ebin = .
 16.                 replace ebin =  floor(window / `B') + 1        if window >
> = 0
 17.                 replace ebin = -(floor((-window - 1) / `B') + 1) if window
>  <  0
 18.                 forvalues j = 2/`nb' {
 19.                         gen byte pa_m`j' = (ebin == -`j') & in_pa
 20.                         gen byte na_m`j' = (ebin == -`j') & in_na
 21.                 }
 22.                 forvalues j = 1/`nb' {
 23.                         gen byte pa_p`j' = (ebin ==  `j') & in_pa
 24.                         gen byte na_p`j' = (ebin ==  `j') & in_na
 25.                 }
 26.                 quietly reghdfe `outcome' `esvars', ///
>                         absorb(month day auxvar) cluster(group_cluster)
 27.                 foreach v of local esvars {
 28.                         local lo = _b[`v'] - `zcrit' * _se[`v']
 29.                         local hi = _b[`v'] + `zcrit' * _se[`v']
 30.                         local ymin = min(`ymin', `lo')
 31.                         local ymax = max(`ymax', `hi')
 32.                 }
 33.         }
 34.         local rng = `ymax' - `ymin'
 35.         if `rng' <= 0 local rng = 0.01
 36.         local ylo = `ymin' - 0.08 * `rng'
 37.         local yhi = `ymax' + 0.08 * `rng'
 38.         local raw = (`yhi' - `ylo') / 6
 39.         local mag = 10 ^ floor(log10(`raw'))
 40.         local mult = `raw' / `mag'
 41.         if `mult' < 1.5      local step = 1  * `mag'
 42.         else if `mult' < 3.5 local step = 2  * `mag'
 43.         else if `mult' < 7.5 local step = 5  * `mag'
 44.         else                 local step = 10 * `mag'
 45.         local ylo_t = floor(`ylo' / `step') * `step'
 46.         local yhi_t = ceil( `yhi' / `step') * `step'
 47. 
.         /* x-axis: PRE bins keep their left edge (-15,-30,...), POST bins use
>            their right edge (15,30,...), with the disclosure gap at 0, so the
>            axis is symmetric around 0.  15-day labels at +-60, 30-day at wide
> r T. */
.         local labday = 15
 48.         if `B' == 15 & `T' >= 90 local labday = 30
 49.         local xlabs ""
 50.         forvalues bi = -`nb'/`=`nb'-1' {
 51.                 if `bi' < 0 local d = `bi' * `B'
 52.                 else        local d = (`bi' + 1) * `B'
 53.                 if mod(`d', `labday') == 0 {
 54.                         local xlabs "`xlabs' `d'"
 55.                 }
 56.         }
 57.         local xpad   = 0.6 * `B'
 58.         local xlo_ax = -`nb' * `B' - `xpad'
 59.         local xhi_ax = `nb' * `B' + `xpad'
 60. 
.         /* ============ PASS 2: estimate + overlay Apex vs Non-Apex =========
> === */
.         foreach outcome in num_violent_MM num_peaceful_MM {
 61. 
.                 use `base', clear
 62.                 keep if year >= `firstyear' & abs(window) <= `T'
 63.                 gen int ebin = .
 64.                 replace ebin =  floor(window / `B') + 1        if window >
> = 0
 65.                 replace ebin = -(floor((-window - 1) / `B') + 1) if window
>  <  0
 66.                 forvalues j = 2/`nb' {
 67.                         gen byte pa_m`j' = (ebin == -`j') & in_pa
 68.                         gen byte na_m`j' = (ebin == -`j') & in_na
 69.                 }
 70.                 forvalues j = 1/`nb' {
 71.                         gen byte pa_p`j' = (ebin ==  `j') & in_pa
 72.                         gen byte na_p`j' = (ebin ==  `j') & in_na
 73.                 }
 74. 
.                 quietly reghdfe `outcome' `esvars', ///
>                         absorb(month day auxvar) cluster(group_cluster)
 75. 
.                 /* one row per bin, keyed by the bin's start day; separate co
> lumns
>                    for the Apex and Non-Apex paths (reference bin -1 = 0 for 
> both) */
.                 local nrows = 2 * `nb'
 76.                 matrix B = J(`nrows', 5, .)
 77.                 matrix colnames B = day bpa sepa bna sena
 78.                 local row = 0
 79.                 forvalues bi = -`nb'/`=`nb'-1' {
 80.                         local ++row
 81.                         matrix B[`row', 1] = `bi' * `B'
 82.                         if `bi' == -1 {
 83.                                 matrix B[`row', 2] = 0
 84.                                 matrix B[`row', 3] = 0
 85.                                 matrix B[`row', 4] = 0
 86.                                 matrix B[`row', 5] = 0
 87.                         }
 88.                         else if `bi' <= -2 {
 89.                                 local jj = -`bi'
 90.                                 matrix B[`row', 2] = _b[pa_m`jj']
 91.                                 matrix B[`row', 3] = _se[pa_m`jj']
 92.                                 matrix B[`row', 4] = _b[na_m`jj']
 93.                                 matrix B[`row', 5] = _se[na_m`jj']
 94.                         }
 95.                         else {
 96.                                 local jj = `bi' + 1
 97.                                 matrix B[`row', 2] = _b[pa_p`jj']
 98.                                 matrix B[`row', 3] = _se[pa_p`jj']
 99.                                 matrix B[`row', 4] = _b[na_p`jj']
100.                                 matrix B[`row', 5] = _se[na_p`jj']
101.                         }
102.                 }
103. 
.                 preserve
104.                         clear
105.                         svmat B, names(col)
106.                         replace day = day + `B' if day >= 0   /* POST bins
>  -> right edge; PRE bins keep left edge */
107.                         gen ci_lo_pa = bpa - `zcrit' * sepa
108.                         gen ci_hi_pa = bpa + `zcrit' * sepa
109.                         gen ci_lo_na = bna - `zcrit' * sena
110.                         gen ci_hi_na = bna + `zcrit' * sena
111.                         /* small horizontal offset so Apex/Non-Apex don't 
> overlap */
.                         gen double day_pa = day - 0.12 * `B'
112.                         gen double day_na = day + 0.12 * `B'
113. 
.                         twoway (rspike ci_lo_pa ci_hi_pa day_pa, lcolor(navy)
>  lwidth(medthick)) ///
>                                (scatter bpa day_pa, mcolor(navy) msymbol(O) m
> size(medium)) ///
>                                (rspike ci_lo_na ci_hi_na day_na, lcolor(cranb
> erry) lwidth(medthick)) ///
>                                (scatter bna day_na, mcolor(cranberry) msymbol
> (D) msize(medium)), ///
>                                 xline(0, lcolor(black%10) lwidth(vvthick) lpa
> ttern(solid)) ///
>                                 yline(0, lpattern(dash) lcolor(black)) ///
>                                 ytitle("Effect on protests", size(large)) ///
>                                 yscale(range(`ylo_t' `yhi_t')) ///
>                                 ylabel(`ylo_t'(`step')`yhi_t', labsize(large)
>  format(%5.3fc) angle(0)) ///
>                                 xtitle("Days since scandal", size(large)) ///
>                                 xscale(range(`xlo_ax' `xhi_ax')) ///
>                                 xlabel(`xlabs', labsize(large)) ///
>                                 legend(order(2 "Apex" 4 "Non-Apex") rows(1) /
> //
>                                         size(medium) position(6) region(lcolo
> r(none))) ///
>                                 graphregion(color(white) fcolor(white)) schem
> e(s2color)
114.                         graph export ///
>                                 "${figout}/es_pooled_`outcome'_w`T'_b`B'_ols_
> `ci_level'ci.pdf", ///
>                                 replace
115.                 restore
116.         }
117. }
(31,921 observations deleted)
(10,736 missing values generated)
(5,456 real changes made)
(5,280 real changes made)
(31,921 observations deleted)
(10,736 missing values generated)
(5,456 real changes made)
(5,280 real changes made)
(31,921 observations deleted)
(10,736 missing values generated)
(5,456 real changes made)
(5,280 real changes made)
number of observations will be reset to 4
Press any key to continue, or Break to abort
Number of observations (_N) was 0, now 4.
(2 real changes made)
file
    C:\Users\rob98/Dropbox/Corrupcion/protest_repo/paper/figures/es_pooled_nu
    > m_violent_MM_w30_b15_ols_90ci.pdf saved as PDF format
(31,921 observations deleted)
(10,736 missing values generated)
(5,456 real changes made)
(5,280 real changes made)
number of observations will be reset to 4
Press any key to continue, or Break to abort
Number of observations (_N) was 0, now 4.
(2 real changes made)
file
    C:\Users\rob98/Dropbox/Corrupcion/protest_repo/paper/figures/es_pooled_nu
    > m_peaceful_MM_w30_b15_ols_90ci.pdf saved as PDF format
(21,361 observations deleted)
(21,296 missing values generated)
(10,736 real changes made)
(10,560 real changes made)
(21,361 observations deleted)
(21,296 missing values generated)
(10,736 real changes made)
(10,560 real changes made)
(21,361 observations deleted)
(21,296 missing values generated)
(10,736 real changes made)
(10,560 real changes made)
number of observations will be reset to 8
Press any key to continue, or Break to abort
Number of observations (_N) was 0, now 8.
(4 real changes made)
file
    C:\Users\rob98/Dropbox/Corrupcion/protest_repo/paper/figures/es_pooled_nu
    > m_violent_MM_w60_b15_ols_90ci.pdf saved as PDF format
(21,361 observations deleted)
(21,296 missing values generated)
(10,736 real changes made)
(10,560 real changes made)
number of observations will be reset to 8
Press any key to continue, or Break to abort
Number of observations (_N) was 0, now 8.
(4 real changes made)
file
    C:\Users\rob98/Dropbox/Corrupcion/protest_repo/paper/figures/es_pooled_nu
    > m_peaceful_MM_w60_b15_ols_90ci.pdf saved as PDF format
(10,801 observations deleted)
(31,856 missing values generated)
(16,016 real changes made)
(15,840 real changes made)
(10,801 observations deleted)
(31,856 missing values generated)
(16,016 real changes made)
(15,840 real changes made)
(10,801 observations deleted)
(31,856 missing values generated)
(16,016 real changes made)
(15,840 real changes made)
number of observations will be reset to 12
Press any key to continue, or Break to abort
Number of observations (_N) was 0, now 12.
(6 real changes made)
file
    C:\Users\rob98/Dropbox/Corrupcion/protest_repo/paper/figures/es_pooled_nu
    > m_violent_MM_w90_b15_ols_90ci.pdf saved as PDF format
(10,801 observations deleted)
(31,856 missing values generated)
(16,016 real changes made)
(15,840 real changes made)
number of observations will be reset to 12
Press any key to continue, or Break to abort
Number of observations (_N) was 0, now 12.
(6 real changes made)
file
    C:\Users\rob98/Dropbox/Corrupcion/protest_repo/paper/figures/es_pooled_nu
    > m_peaceful_MM_w90_b15_ols_90ci.pdf saved as PDF format
(241 observations deleted)
(42,416 missing values generated)
(21,296 real changes made)
(21,120 real changes made)
(241 observations deleted)
(42,416 missing values generated)
(21,296 real changes made)
(21,120 real changes made)
(241 observations deleted)
(42,416 missing values generated)
(21,296 real changes made)
(21,120 real changes made)
number of observations will be reset to 16
Press any key to continue, or Break to abort
Number of observations (_N) was 0, now 16.
(8 real changes made)
file
    C:\Users\rob98/Dropbox/Corrupcion/protest_repo/paper/figures/es_pooled_nu
    > m_violent_MM_w120_b15_ols_90ci.pdf saved as PDF format
(241 observations deleted)
(42,416 missing values generated)
(21,296 real changes made)
(21,120 real changes made)
number of observations will be reset to 16
Press any key to continue, or Break to abort
Number of observations (_N) was 0, now 16.
(8 real changes made)
file
    C:\Users\rob98/Dropbox/Corrupcion/protest_repo/paper/figures/es_pooled_nu
    > m_peaceful_MM_w120_b15_ols_90ci.pdf saved as PDF format

. 
. display in green "a_pooled_event_study_pa_vs_na.do finished OK"
a_pooled_event_study_pa_vs_na.do finished OK

. 
end of do-file
