
  ___  ____  ____  ____  ____ ®
 /__    /   ____/   /   ____/      StataNow 19.5
___/   /   /___/   /   /___/       MP—Parallel Edition

 Statistics and Data Science       Copyright 1985-2025 StataCorp LLC
                                   StataCorp
                                   4905 Lakeway Drive
                                   College Station, Texas 77845 USA
                                   800-782-8272        https://www.stata.com
                                   979-696-4600        service@stata.com

Stata license: Unlimited-user 16-core network, expiring  2 Jul 2027
Serial number: 501909320077
  Licensed to: Roberto Gonzalez Tellez
               Stanford University GSB

Notes:
      1. Stata is running in batch mode.
      2. Unicode is supported; see help unicode_advice.
      3. More than 2 billion observations are allowed; see help obs_advice.
      4. Maximum number of variables is set to 5,000 but can be increased;
          see help set_maxvar.

. do a_scandal_classification_table.do 

. /* --------------------------------------------------------------------------
> --
>                     Violent effects of apex corruption
> 
>     Code author: Roberto Gonzalez
>     Date: 2026-07-29
> 
>     Objective:
>         Build the scandal-classification appendix table (sup_scandal_list.tex
> ):
>         one row per scandal in the event-window panel with its ID, country,
>         year, a short description, and its Apex / Non-Apex class.
> 
>     Two things this file does that deserve a note:
> 
>     (1) POPULATING MISSING DESCRIPTIONS.
>         Four scandals used in the panel have an EMPTY 'summary' in
>         scandals_classified.csv (ids 73, 153, TWNEWLATINO14 and NEW23).  The
>         classification file simply never received their free text, but the
>         scandals were coded from a source: the raw news workbook that fed the
>         project, Data/raw/News/Appended_News_v4.xlsx, column "Summary / Text"
>         (LexisNexis-sourced rows in sheet "3.Append"/"5.BigScandals"; the
>         Twitter-sourced rows in sheet "6.MiddleScandals"/"7.Append").  We
>         recover them here and hard-code a concise description (lightly
>         translated/trimmed from that source) so the table is reproducible fro
> m
>         this .do alone.  Each string below is faithful to that raw row.
> 
>     (2) NEW23 RECLASSIFICATION (2026-07-29).
>         NEW23 (Mexico) had been hand-tagged as a Supreme Court Justice and th
> us
>         promoted to Apex.  Its raw source, however, is a San Luis Potosi
>         corruption case involving DIPUTADOS (congressmen) -- it trended after
>  a
>         Denise Maerker report and the Google-Trends peak was on the word
>         "diputados"; the build file add_catvar_of_level_of_official_involved.
> do
>         already annotates it as "Congressman (diputado)".  Congressmen belong
>         in Non-Apex, so NEW23 is removed from the SC-Justice set below.  This
>         moves the counts: Other Apex 19->18, Apex 64->63, Non-Apex 112->113.
> 
>     Inputs:
>         - ${datfin}/scandals_classified.csv
>         - ${datfin}/protests_scandals_30days_v3.dta   (for the panel year)
> 
>     Output:
>         - ${tables}/sup_scandal_list.tex   (longtable, spans multiple pages)
> ---------------------------------------------------------------------------- 
> */
. 
. set more off

. clear all

. 
. if "`c(username)'" == "lalov" {
.         gl identity "C:\Users\lalov\ITAM Seira Research Dropbox\Eduardo River
> a"
. }

. if "`c(username)'" == "Rob_9" {
.         global identity "C:/Users/Rob_9/Dropbox"
. }

. if "`c(username)'" == "rob98" {
.         global identity "~/Dropbox"
. }

. 
. global path   "${identity}/Corrupcion/WORKING FOLDER/Event Study - Scandals"

. global datfin "${path}/Data/final"

. global tables "${identity}/Corrupcion/protest_repo/paper/tables"

. 
. /* ---- authoritative scandal year from the panel (window == 0) -------------
>  */
. use "${datfin}/protests_scandals_30days_v3", clear

. drop if country == "Venezuela"
(3,374 observations deleted)

. gen int _sy = year if window == 0
(42,481 missing values generated)

. bysort country id: egen scanyear = max(_sy)

. keep id country scanyear

. duplicates drop

Duplicates in terms of all variables

(42,481 observations deleted)

. tempfile years

. save `years'
file C:\Users\rob98\AppData\Local\Temp\ST_c898_000001.tmp saved as .dta
    format

. 
. /* ---- classification file -------------------------------------------------
> - */
. import delimited using "${datfin}/scandals_classified.csv", ///
>         clear varnames(1) bindquotes(strict)
(encoding automatically selected: UTF-8)
(7 vars, 190 obs)

. keep id country summary position

. drop if country == "Venezuela"
(14 observations deleted)

. 
. /* (1) populate the four blank descriptions from the raw news source --------
> - */
. replace summary = "Fabio Lobo, son of former Honduran president Porfirio Lobo
> , was arrested on 20 May 2015 for involvement in a drug-trafficking and corru
> ption network." ///
>         if id == "73" & country == "Honduras" & summary == ""
(1 real change made)

. replace summary = "Ecuador's Prosecutor's Office charged six people on 3 June
>  2017 in the Odebrecht case, among them Ricardo Rivera, uncle of Vice-Preside
> nt Jorge Glas." ///
>         if id == "153" & country == "Ecuador" & summary == ""
(1 real change made)

. replace summary = "A former manager of Petroecuador (Alex Bravo) was detained
>  on 16 May 2016 for alleged influence peddling." ///
>         if id == "TWNEWLATINO14" & country == "Ecuador" & summary == ""
(1 real change made)

. replace summary = "Alleged corruption network involving diputados (congressme
> n) in San Luis Potosi, Mexico; trended nationally on 21 June 2017 after a Den
> ise Maerker report." ///
>         if id == "NEW23" & country == "Mexico" & summary == ""
(1 real change made)

. 
. /* (2) Apex / Non-Apex classification (NEW23 no longer in the SC-Justice set)
>  */
. gen byte apex = 0

. replace apex = 1 if position == "president"
(45 real changes made)

. replace apex = 1 if position == "governor"
(14 real changes made)

. replace apex = 1 if position == "sc_judge_congressman" & inlist(id, "202", "N
> EW26", "NEW30", "332")
(4 real changes made)

. 
. /* attach the panel year, keep the panel scandals */
. merge m:1 id country using `years', keep(3) nogenerate
(variable country was str18, now str44 to accommodate using data's values)

    Result                      Number of obs
    -----------------------------------------
    Not matched                             0
    Matched                               176  
    -----------------------------------------

. 
. count
  176

. di as result "scandals: `r(N)'"
scandals: 176

. quietly count if apex == 1

. di as result "Apex = `r(N)'"
Apex = 63

. quietly count if apex == 0

. di as result "Non-Apex = `r(N)'"
Non-Apex = 113

. 
. /* ---- clean the description IN THE DATA (vectorised) ----------------------
>    Done on the variable, not on a macro, so embedded double quotes/backticks
>    in the free text cannot break Stata string parsing later in the loop. */
. replace summary = ustrregexra(summary, "[^ -~À-ɏ]", " ")
(31 real changes made)

. replace summary = subinstr(summary, char(34), "", .)     /* drop double quote
> s " */
(18 real changes made)

. replace summary = subinstr(summary, char(96), "'", .)    /* backtick -> apost
> rophe */
(0 real changes made)

. replace summary = subinstr(summary, "\", " ", .)
(0 real changes made)

. replace summary = subinstr(summary, "{", "(", .)
(0 real changes made)

. replace summary = subinstr(summary, "}", ")", .)
(0 real changes made)

. replace summary = subinstr(summary, "&gt;", ">", .)
(1 real change made)

. replace summary = subinstr(summary, "&lt;", "<", .)
(0 real changes made)

. replace summary = subinstr(summary, "&amp;", " and ", .)
(0 real changes made)

. replace summary = ustrregexra(summary, " +", " ")
(27 real changes made)

. replace summary = strtrim(summary)
(10 real changes made)

. 
. gsort country scanyear id

. local N = _N

. 
. /* ---- write the longtable -------------------------------------------------
> - */
. capture file close _t

. file open _t using "${tables}/sup_scandal_list.tex", write replace

. file write _t "\begingroup" _n

. file write _t "\setstretch{1.0}\footnotesize" _n

. file write _t "\setlength{\LTcapwidth}{\textwidth}" _n

. file write _t "\begin{longtable}{@{}l l c p{9.2cm} l@{}}" _n

. file write _t "\caption{Classification of the 176 scandals in the event-windo
> w panel.}\label{tab:sup_scandal_list}\\" _n

. file write _t "\toprule" _n

. file write _t "\textbf{ID} & \textbf{Country} & \textbf{Year} & \textbf{Mini 
> description} & \textbf{Class} \\" _n

. file write _t "\midrule" _n

. file write _t "\endfirsthead" _n

. file write _t "\multicolumn{5}{@{}l}{\emph{\tablename~\thetable\ (continued)}
> }\\" _n

. file write _t "\toprule" _n

. file write _t "\textbf{ID} & \textbf{Country} & \textbf{Year} & \textbf{Mini 
> description} & \textbf{Class} \\" _n

. file write _t "\midrule" _n

. file write _t "\endhead" _n

. file write _t "\midrule" _n

. file write _t "\multicolumn{5}{r@{}}{\emph{Continued on next page}}\\" _n

. file write _t "\endfoot" _n

. file write _t "\bottomrule" _n

. file write _t "\endlastfoot" _n

. 
. forvalues i = 1/`N' {
  2.         local sid = id[`i']
  3.         local ctry = country[`i']
  4.         local yr  = scanyear[`i']
  5.         local cls = cond(apex[`i'] == 1, "Apex", "Non-Apex")
  6. 
.         local d = summary[`i']
  7.         /* keep only ASCII-printable + Latin letters (drops emoji, bullets
> , etc.) */
.         local d = ustrregexra("`d'", "[^\u0020-\u007E\u00C0-\u024F]", " ")
  8.         /* remove characters that break Stata parsing / need escaping */
.         local d = subinstr("`d'", "\", " ", .)
  9.         local d = subinstr("`d'", "{", "(", .)
 10.         local d = subinstr("`d'", "}", ")", .)
 11.         local d = subinstr("`d'", char(96), "'", .)   /* backtick -> apost
> rophe */
 12.         /* common HTML entities that appear in the tweet-sourced rows */
.         local d = subinstr("`d'", "&gt;", ">", .)
 13.         local d = subinstr("`d'", "&lt;", "<", .)
 14.         local d = subinstr("`d'", "&amp;", " and ", .)
 15.         /* collapse whitespace */
.         local d = ustrregexra("`d'", " +", " ")
 16.         local d = strtrim("`d'")
 17.         if "`d'" == "" local d = "(no summary available)"
 18.         /* truncate to ~100 chars at a word boundary, add an ellipsis */
.         if ustrlen("`d'") > 100 {
 19.                 local d = usubstr("`d'", 1, 100)
 20.                 local sp = ustrrpos("`d'", " ")
 21.                 if `sp' > 1 local d = usubstr("`d'", 1, `sp' - 1)
 22.                 local d = "`d'" + "..."
 23.         }
 24.         /* escape the remaining LaTeX specials */
.         local d = subinstr("`d'", "&", "\&", .)
 25.         local d = subinstr("`d'", "%", "\%", .)
 26.         local d = subinstr("`d'", "$", "\$", .)
 27.         local d = subinstr("`d'", "#", "\#", .)
 28.         local d = subinstr("`d'", "_", "\_", .)
 29.         local d = subinstr("`d'", "^", "\textasciicircum{}", .)
 30.         local d = subinstr("`d'", "~", "\textasciitilde{}", .)
 31. 
.         file write _t `"`sid' & `ctry' & `yr' & `d' & `cls' \\"' _n
 32. }

. file write _t "\end{longtable}" _n

. file write _t "\endgroup" _n

. file close _t

. display in green "sup_scandal_list.tex written (`N' scandals)"
sup_scandal_list.tex written (176 scandals)

. 
end of do-file
