
  ___  ____  ____  ____  ____ ®
 /__    /   ____/   /   ____/      StataNow 19.5
___/   /   /___/   /   /___/       MP—Parallel Edition

 Statistics and Data Science       Copyright 1985-2025 StataCorp LLC
                                   StataCorp
                                   4905 Lakeway Drive
                                   College Station, Texas 77845 USA
                                   800-782-8272        https://www.stata.com
                                   979-696-4600        service@stata.com

Stata license: Unlimited-user 16-core network, expiring  2 Jul 2027
Serial number: 501909320077
  Licensed to: Roberto Gonzalez Tellez
               Stanford University GSB

Notes:
      1. Stata is running in batch mode.
      2. Unicode is supported; see help unicode_advice.
      3. More than 2 billion observations are allowed; see help obs_advice.
      4. Maximum number of variables is set to 5,000 but can be increased;
          see help set_maxvar.

. do a_sup_hierarchy_regression.do 

. /* --------------------------------------------------------------------------
> --
>    Project: Apex Corruption protests paper - SUPPLEMENTARY MATERIALS
> 
>    Code author: Roberto Gonzalez
>    Date: 2026-07-02
> 
>    Objective:
>      Regression-based (pooled) version of the hierarchy heterogeneity
>      result that the main paper shows via per-scandal box plots
>      (Figure 2 / per_scandal_effects_apex_v2.do).
> 
>      For each (outcome, window) we estimate
> 
>         Y_{c(s)t} = beta_pres * post_st * 1{Pres_s}
>                   + beta_oa   * post_st * 1{OtherApex_s}
>                   + beta_ona  * post_st * 1{OtherNonApex_s}
>                   + alpha_d + lambda_m + theta_cy + eps_{c(s)t}
> 
>      There is NO stand-alone `post' term, so each coefficient is the
>      estimated average post-scandal effect for that category (rather
>      than a differential relative to a reference).  We additionally
>      report tests of
> 
>         H0: beta_pres = beta_ona          (Pres vs Other Non-Apex)
>         H0: beta_oa   = beta_ona          (Other Apex vs Other Non-Apex)
>         H0: beta_pres = beta_oa           (Pres vs Other Apex)
> 
>      Category assignment follows apex_cat v2:
>         President      = position == "president"
>         Other Apex     = position == "governor"
>                          OR (position == "sc_judge_congressman" AND
>                              id in {"202","NEW26","NEW30","332"})
>         Other Non-Apex = position == "other_judiciary" | "others"
>                          OR (position == "sc_judge_congressman" AND
>                              id not in the SC-Judge set above)
>         NOTE (2026-07-29): NEW23 was dropped from the SC-Judge set. Its raw
>         source (Appended_News) shows a San Luis Potosi case involving
>         diputados (congressmen), not a Supreme Court justice, so it is
>         Other Non-Apex.  This moves Other Apex 19->18, Non-Apex 112->113.
> 
>    Inputs:
>      - ${datfin}/protests_scandals_30days_v3.dta
>      - ${datfin}/scandals_classified.csv
> 
>    Outputs (under ${work}/results/tables/):
>      - sup_hierarchy_regression.tex   (single-panel OLS table;
>                                         4 columns matching main Table 1)
> ---------------------------------------------------------------------------- 
> */
. 
. set more off

. clear all

. 
. if "`c(username)'" == "Diego" {
.         gl identity "D:/Documents/Dropbox"
. }

. if "`c(username)'" == "dtocre" {
.         gl identity "C:/Users/dtocre/Dropbox"
. }

. if "`c(username)'" == "lalov" {
.         gl identity "C:/Users/lalov/ITAM Seira Research Dropbox/Eduardo River
> a"
. }

. if "`c(username)'" == "Rob_9" {
.         global identity "C:/Users/Rob_9/Dropbox"
. }

. if "`c(username)'" == "rob98" {
.         global identity "~/Dropbox"
. }

. 
. global path    "${identity}/Corrupcion/WORKING FOLDER/Event Study - Scandals"

. global datfin  "${path}/Data/final"

. global work    "${identity}/Corrupcion/Protest_Work"

. global tables  "${identity}/Corrupcion/protest_repo/paper/tables"

. 
. /* --------------- Position lookup --------------- */
. import delimited using "${datfin}/scandals_classified.csv", ///
>         clear varnames(1) bindquotes(strict)
(encoding automatically selected: UTF-8)
(7 vars, 190 obs)

. keep id country position

. tempfile cls

. save `cls'
file C:\Users\rob98\AppData\Local\Temp\ST_84e4_000001.tmp saved as .dta
    format

. 
. use "${datfin}/protests_scandals_30days_v3", clear

. drop if country == "Venezuela"
(3,374 observations deleted)

. merge m:1 id country using `cls', keep(1 3) generate(_mclass)

    Result                      Number of obs
    -----------------------------------------
    Not matched                             0
    Matched                            42,657  (_mclass==3)
    -----------------------------------------

. 
. /* --------------- Share outcomes --------------- */
. gen double share_violent  = num_violent_MM  / num_protests_MM if num_protests
> _MM > 0
(39,349 missing values generated)

. gen double share_peaceful = num_peaceful_MM / num_protests_MM if num_protests
> _MM > 0
(39,349 missing values generated)

. replace    share_violent  = 0 if num_protests_MM == 0
(39,349 real changes made)

. replace    share_peaceful = 0 if num_protests_MM == 0
(39,349 real changes made)

. 
. /* --------------- Apex categorical (v2) --------------- */
. gen byte apex_cat = .
(42,657 missing values generated)

. replace apex_cat = 1 if position == "president"
(10,845 real changes made)

. replace apex_cat = 2 if position == "governor"
(3,615 real changes made)

. replace apex_cat = 2 if position == "sc_judge_congressman" & ///
>         inlist(id, "202", "NEW26", "NEW30", "332")
(964 real changes made)

. replace apex_cat = 3 if position == "sc_judge_congressman" & ///
>         !inlist(id, "202", "NEW26", "NEW30", "332")
(3,374 real changes made)

. replace apex_cat = 3 if position == "other_judiciary"
(3,856 real changes made)

. replace apex_cat = 3 if position == "others"
(20,003 real changes made)

. 
. label define APEX 1 "President" 2 "Other Apex" 3 "Other Non-Apex", replace

. label values apex_cat APEX

. 
. /* Category-specific post interactions (no stand-alone post term). */
. gen byte post_pres = post * (apex_cat == 1)

. gen byte post_oa   = post * (apex_cat == 2)

. gen byte post_ona  = post * (apex_cat == 3)

. 
. egen grupo_dias = group(s_lag30 s_lag60 s_lag90 s_lag120 ///
>                         s_lead30 s_lead60 s_lead90 s_lead120)

. 
. global fe1      "i.country_id#i.year"

. global CLUSTER2 "cluster i.country_id#i.year#i.grupo_dias"

. 
. local firstyear = 2008

. local outcomes "num_violent_MM num_peaceful_MM num_violent_MM num_peaceful_MM
>  share_violent share_peaceful share_violent share_peaceful"

. local windows  "30 30 120 120 30 30 120 120"

. local nspecs : word count `outcomes'

. 
. eststo clear

. forvalues k = 1/`nspecs' {
  2.         local outcome : word `k' of `outcomes'
  3.         local window  : word `k' of `windows'
  4.         local bin_size = cond(`window' == 30, 6, 30)
  5. 
.         if `window' == 30 {
  6.                 eststo m`k': reghdfe `outcome' post_pres post_oa post_ona 
> i.month i.day ///
>                         if year >= `firstyear' & abs(window) <= 30 & !missing
> (apex_cat), ///
>                         absorb($fe1) vce($CLUSTER2)
  7.         }
  8.         else {
  9.                 eststo m`k': reghdfe `outcome' post_pres post_oa post_ona 
> i.month i.day ///
>                         if year >= `firstyear' & !missing(apex_cat), ///
>                         absorb($fe1) vce($CLUSTER2)
 10.         }
 11. 
.         quietly summarize `outcome' if e(sample) ///
>                 & window >= -`bin_size' & window <= -1
 12.         estadd scalar baseline = r(mean)
 13. 
.         quietly levelsof id if e(sample) == 1
 14.         estadd scalar num_scandals = r(r)
 15. 
.         /* Category-difference tests */
.         test post_pres = post_ona
 16.         estadd scalar p_pres_ona = r(p)
 17.         test post_oa = post_ona
 18.         estadd scalar p_oa_ona   = r(p)
 19.         test post_pres = post_oa
 20.         estadd scalar p_pres_oa  = r(p)
 21. }
(MWFE estimator converged in 1 iterations)

HDFE Linear regression                            Number of obs   =     10,736
Absorbing 1 HDFE group                            F(  20,    162) =       2.98
Statistics robust to heteroskedasticity           Prob > F        =     0.0001
                                                  R-squared       =     0.1779
                                                  Adj R-squared   =     0.1699
                                                  Within R-sq.    =     0.0745
Number of clusters (country_id#year#grupo_dias) =        163Root MSE=     0.143
> 8

           (Std. err. adjusted for 163 clusters in country_id#year#grupo_dias)
------------------------------------------------------------------------------
             |               Robust
num_violen~M | Coefficient  std. err.      t    P>|t|     [95% conf. interval]
-------------+----------------------------------------------------------------
   post_pres |   .0277552   .0088297     3.14   0.002      .010319    .0451915
     post_oa |    .112113    .046896     2.39   0.018     .0195069    .2047192
    post_ona |  -.0041294   .0073936    -0.56   0.577    -.0187298    .0104709
             |
       month |
          2  |  -.0944301   .0394388    -2.39   0.018    -.1723105   -.0165498
          3  |  -.1684212   .0613744    -2.74   0.007    -.2896183   -.0472241
          4  |  -.1521883   .0613388    -2.48   0.014    -.2733151   -.0310615
          5  |  -.1235012   .0579156    -2.13   0.034     -.237868   -.0091343
          6  |  -.1147097    .059973    -1.91   0.058    -.2331394    .0037199
          7  |  -.1043719   .0632566    -1.65   0.101    -.2292858     .020542
          8  |  -.1181991   .0625822    -1.89   0.061    -.2417812     .005383
          9  |  -.1357852   .0582978    -2.33   0.021    -.2509069   -.0206635
         10  |  -.1431338   .0601238    -2.38   0.018    -.2618611   -.0244065
         11  |  -.1295196   .0614926    -2.11   0.037      -.25095   -.0080893
         12  |  -.0799335   .0724464    -1.10   0.272    -.2229946    .0631276
             |
         day |
          1  |   .0012796   .0024829     0.52   0.607    -.0036235    .0061827
          2  |   .0025085   .0038001     0.66   0.510    -.0049956    .0100126
          3  |   .0036557   .0038055     0.96   0.338    -.0038591    .0111704
          4  |   .0004659   .0029394     0.16   0.874    -.0053386    .0062705
          5  |  -.0030423   .0024552    -1.24   0.217    -.0078906    .0018061
          6  |  -.0046584    .002104    -2.21   0.028    -.0088132   -.0005036
             |
       _cons |   .1298464     .05149     2.52   0.013     .0281684    .2315245
------------------------------------------------------------------------------

Absorbed degrees of freedom:
-----------------------------------------------------------+
       Absorbed FE | Categories  - Redundant  = Num. Coefs |
-------------------+---------------------------------------|
   country_id#year |        84           0          84     |
-----------------------------------------------------------+

added scalar:
           e(baseline) =  .02746212

added scalar:
       e(num_scandals) =  176

 ( 1)  post_pres - post_ona = 0

       F(  1,   162) =    7.67
            Prob > F =    0.0063

added scalar:
         e(p_pres_ona) =  .00625864

 ( 1)  post_oa - post_ona = 0

       F(  1,   162) =    4.93
            Prob > F =    0.0278

added scalar:
           e(p_oa_ona) =  .02783064

 ( 1)  post_pres - post_oa = 0

       F(  1,   162) =    3.42
            Prob > F =    0.0660

added scalar:
          e(p_pres_oa) =  .0660477
(MWFE estimator converged in 1 iterations)

HDFE Linear regression                            Number of obs   =     10,736
Absorbing 1 HDFE group                            F(  20,    162) =       0.94
Statistics robust to heteroskedasticity           Prob > F        =     0.5358
                                                  R-squared       =     0.4739
                                                  Adj R-squared   =     0.4688
                                                  Within R-sq.    =     0.0340
Number of clusters (country_id#year#grupo_dias) =        163Root MSE=     0.175
> 4

           (Std. err. adjusted for 163 clusters in country_id#year#grupo_dias)
------------------------------------------------------------------------------
             |               Robust
num_peacef~M | Coefficient  std. err.      t    P>|t|     [95% conf. interval]
-------------+----------------------------------------------------------------
   post_pres |  -.0012295   .0091145    -0.13   0.893    -.0192281    .0167692
     post_oa |  -.0211673   .0311963    -0.68   0.498    -.0827712    .0404365
    post_ona |   .0188563   .0128203     1.47   0.143    -.0064601    .0441727
             |
       month |
          2  |  -.0062099      .0245    -0.25   0.800    -.0545904    .0421706
          3  |   .0227444   .0307954     0.74   0.461    -.0380677    .0835565
          4  |   .0489215   .0408264     1.20   0.233    -.0316992    .1295421
          5  |   .1001601    .048448     2.07   0.040     .0044892    .1958311
          6  |    .101731   .0413332     2.46   0.015     .0201097    .1833523
          7  |   .0340166   .0284327     1.20   0.233    -.0221299    .0901631
          8  |   .0350831   .0292548     1.20   0.232    -.0226867     .092853
          9  |   .0831295   .0467303     1.78   0.077    -.0091495    .1754085
         10  |   .0524091    .045224     1.16   0.248    -.0368954    .1417135
         11  |   .0113756   .0375083     0.30   0.762    -.0626927    .0854439
         12  |   .0032172   .0349649     0.09   0.927    -.0658284    .0722629
             |
         day |
          1  |  -.0055262    .003954    -1.40   0.164    -.0133342    .0022818
          2  |  -.0069708   .0042063    -1.66   0.099     -.015277    .0013355
          3  |  -.0070153   .0050548    -1.39   0.167     -.016997    .0029664
          4  |  -.0061921   .0042143    -1.47   0.144    -.0145141    .0021299
          5  |  -.0045289   .0054924    -0.82   0.411    -.0153749    .0063171
          6  |  -.0067291     .00574    -1.17   0.243    -.0180639    .0046058
             |
       _cons |   .0078078   .0299736     0.26   0.795    -.0513816    .0669972
------------------------------------------------------------------------------

Absorbed degrees of freedom:
-----------------------------------------------------------+
       Absorbed FE | Categories  - Redundant  = Num. Coefs |
-------------------+---------------------------------------|
   country_id#year |        84           0          84     |
-----------------------------------------------------------+

added scalar:
           e(baseline) =  .06912879

added scalar:
       e(num_scandals) =  176

 ( 1)  post_pres - post_ona = 0

       F(  1,   162) =    1.41
            Prob > F =    0.2370

added scalar:
         e(p_pres_ona) =  .23697072

 ( 1)  post_oa - post_ona = 0

       F(  1,   162) =    1.07
            Prob > F =    0.3025

added scalar:
           e(p_oa_ona) =  .30250439

 ( 1)  post_pres - post_oa = 0

       F(  1,   162) =    0.50
            Prob > F =    0.4783

added scalar:
          e(p_pres_oa) =  .47833912
(MWFE estimator converged in 1 iterations)

HDFE Linear regression                            Number of obs   =     42,657
Absorbing 1 HDFE group                            F(  20,    669) =       2.40
Statistics robust to heteroskedasticity           Prob > F        =     0.0006
                                                  R-squared       =     0.1288
                                                  Adj R-squared   =     0.1262
                                                  Within R-sq.    =     0.0396
Number of clusters (country_id#year#grupo_dias) =        670Root MSE=     0.150
> 3

           (Std. err. adjusted for 670 clusters in country_id#year#grupo_dias)
------------------------------------------------------------------------------
             |               Robust
num_violen~M | Coefficient  std. err.      t    P>|t|     [95% conf. interval]
-------------+----------------------------------------------------------------
   post_pres |   .0092205   .0056983     1.62   0.106    -.0019681    .0204092
     post_oa |   .0573942   .0260441     2.20   0.028     .0062562    .1085322
    post_ona |   .0106742   .0077144     1.38   0.167    -.0044731    .0258216
             |
       month |
          2  |  -.0737186   .0270273    -2.73   0.007    -.1267872     -.02065
          3  |  -.1057434   .0283994    -3.72   0.000     -.161506   -.0499808
          4  |  -.1153937     .02866    -4.03   0.000    -.1716681   -.0591194
          5  |  -.1065976   .0294602    -3.62   0.000    -.1644433    -.048752
          6  |  -.1056341   .0302597    -3.49   0.001    -.1650496   -.0462187
          7  |  -.0957273   .0319752    -2.99   0.003     -.158511   -.0329435
          8  |  -.0929446    .032431    -2.87   0.004    -.1566234   -.0292659
          9  |  -.1250986     .03189    -3.92   0.000    -.1877152    -.062482
         10  |  -.1246809   .0308187    -4.05   0.000     -.185194   -.0641678
         11  |  -.1157592   .0312361    -3.71   0.000    -.1770919   -.0544265
         12  |  -.0769758   .0336748    -2.29   0.023    -.1430969   -.0108548
             |
         day |
          1  |   .0007795   .0013674     0.57   0.569    -.0019055    .0034645
          2  |   .0008597   .0015076     0.57   0.569    -.0021006      .00382
          3  |   .0021538   .0015719     1.37   0.171    -.0009327    .0052404
          4  |   .0012135   .0014488     0.84   0.403    -.0016311    .0040582
          5  |  -.0002585   .0013134    -0.20   0.844    -.0028373    .0023203
          6  |  -.0011136   .0011844    -0.94   0.347    -.0034392    .0012119
             |
       _cons |   .1140254   .0270785     4.21   0.000     .0608563    .1671945
------------------------------------------------------------------------------

Absorbed degrees of freedom:
-----------------------------------------------------------+
       Absorbed FE | Categories  - Redundant  = Num. Coefs |
-------------------+---------------------------------------|
   country_id#year |       107           0         107     |
-----------------------------------------------------------+

added scalar:
           e(baseline) =  .02045455

added scalar:
       e(num_scandals) =  176

 ( 1)  post_pres - post_ona = 0

       F(  1,   669) =    0.04
            Prob > F =    0.8492

added scalar:
         e(p_pres_ona) =  .84923488

 ( 1)  post_oa - post_ona = 0

       F(  1,   669) =    2.78
            Prob > F =    0.0960

added scalar:
           e(p_oa_ona) =  .09599087

 ( 1)  post_pres - post_oa = 0

       F(  1,   669) =    3.49
            Prob > F =    0.0621

added scalar:
          e(p_pres_oa) =  .06206479
(MWFE estimator converged in 1 iterations)

HDFE Linear regression                            Number of obs   =     42,657
Absorbing 1 HDFE group                            F(  20,    669) =       2.43
Statistics robust to heteroskedasticity           Prob > F        =     0.0005
                                                  R-squared       =     0.2998
                                                  Adj R-squared   =     0.2977
                                                  Within R-sq.    =     0.0108
Number of clusters (country_id#year#grupo_dias) =        670Root MSE=     0.199
> 6

           (Std. err. adjusted for 670 clusters in country_id#year#grupo_dias)
------------------------------------------------------------------------------
             |               Robust
num_peacef~M | Coefficient  std. err.      t    P>|t|     [95% conf. interval]
-------------+----------------------------------------------------------------
   post_pres |  -.0024954   .0098178    -0.25   0.799    -.0217729     .016782
     post_oa |  -.0115459   .0126753    -0.91   0.363    -.0364342    .0133423
    post_ona |  -.0106047   .0091775    -1.16   0.248    -.0286249    .0074155
             |
       month |
          2  |   .0139182   .0110913     1.25   0.210    -.0078599    .0356962
          3  |   .0217124   .0125459     1.73   0.084    -.0029216    .0463464
          4  |   .0661011   .0176859     3.74   0.000     .0313745    .1008277
          5  |   .0441905   .0162092     2.73   0.007     .0123635    .0760175
          6  |   .0651349   .0173685     3.75   0.000     .0310315    .0992383
          7  |   .0278024    .011869     2.34   0.019     .0044975    .0511074
          8  |   .0339688   .0145219     2.34   0.020     .0054548    .0624828
          9  |   .0430506   .0147893     2.91   0.004     .0140116    .0720896
         10  |   .0690276   .0207289     3.33   0.001      .028326    .1097292
         11  |   .0409865   .0177063     2.31   0.021     .0062199    .0757532
         12  |    .013614    .013917     0.98   0.328    -.0137124    .0409403
             |
         day |
          1  |  -.0048246   .0021712    -2.22   0.027    -.0090879   -.0005614
          2  |  -.0038704   .0022793    -1.70   0.090    -.0083458    .0006051
          3  |  -.0010582    .002485    -0.43   0.670    -.0059376    .0038213
          4  |   .0001049   .0024067     0.04   0.965    -.0046207    .0048304
          5  |   .0019928   .0035928     0.55   0.579    -.0050618    .0090474
          6  |   -.003223   .0027384    -1.18   0.240    -.0085999    .0021539
             |
       _cons |   .0228702   .0098027     2.33   0.020     .0036226    .0421179
------------------------------------------------------------------------------

Absorbed degrees of freedom:
-----------------------------------------------------------+
       Absorbed FE | Categories  - Redundant  = Num. Coefs |
-------------------+---------------------------------------|
   country_id#year |       107           0         107     |
-----------------------------------------------------------+

added scalar:
           e(baseline) =  .0532197

added scalar:
       e(num_scandals) =  176

 ( 1)  post_pres - post_ona = 0

       F(  1,   669) =    0.45
            Prob > F =    0.5008

added scalar:
         e(p_pres_ona) =  .50079225

 ( 1)  post_oa - post_ona = 0

       F(  1,   669) =    0.00
            Prob > F =    0.9536

added scalar:
           e(p_oa_ona) =  .95363569

 ( 1)  post_pres - post_oa = 0

       F(  1,   669) =    0.41
            Prob > F =    0.5243

added scalar:
          e(p_pres_oa) =  .52431932
(MWFE estimator converged in 1 iterations)

HDFE Linear regression                            Number of obs   =     10,736
Absorbing 1 HDFE group                            F(  20,    162) =       3.11
Statistics robust to heteroskedasticity           Prob > F        =     0.0000
                                                  R-squared       =     0.1863
                                                  Adj R-squared   =     0.1785
                                                  Within R-sq.    =     0.0788
Number of clusters (country_id#year#grupo_dias) =        163Root MSE=     0.139
> 3

           (Std. err. adjusted for 163 clusters in country_id#year#grupo_dias)
------------------------------------------------------------------------------
             |               Robust
share_viol~t | Coefficient  std. err.      t    P>|t|     [95% conf. interval]
-------------+----------------------------------------------------------------
   post_pres |   .0269474   .0086411     3.12   0.002     .0098838    .0440111
     post_oa |   .1132326   .0465541     2.43   0.016     .0213014    .2051638
    post_ona |  -.0047081   .0072867    -0.65   0.519    -.0190972    .0096811
             |
       month |
          2  |  -.0939019   .0394759    -2.38   0.019    -.1718556   -.0159483
          3  |  -.1672922   .0614377    -2.72   0.007    -.2886142   -.0459702
          4  |  -.1507752   .0613172    -2.46   0.015    -.2718593   -.0296912
          5  |  -.1227046   .0578826    -2.12   0.036    -.2370064   -.0084029
          6  |  -.1161222   .0598483    -1.94   0.054    -.2343056    .0020612
          7  |  -.1042577   .0631966    -1.65   0.101    -.2290531    .0205377
          8  |  -.1179581   .0625413    -1.89   0.061    -.2414595    .0055432
          9  |  -.1357921   .0582589    -2.33   0.021    -.2508369   -.0207474
         10  |  -.1433236   .0600822    -2.39   0.018    -.2619688   -.0246783
         11  |  -.1332008    .061167    -2.18   0.031    -.2539883   -.0124132
         12  |  -.0802884   .0724453    -1.11   0.269    -.2233473    .0627705
             |
         day |
          1  |   .0012781   .0024306     0.53   0.600    -.0035218    .0060779
          2  |   .0019217   .0033945     0.57   0.572    -.0047815    .0086248
          3  |   .0028682   .0031635     0.91   0.366    -.0033788    .0091153
          4  |   .0011962   .0027013     0.44   0.658     -.004138    .0065304
          5  |  -.0023049   .0021557    -1.07   0.287    -.0065617    .0019519
          6  |  -.0039498   .0017448    -2.26   0.025    -.0073954   -.0005043
             |
       _cons |   .1294747   .0514636     2.52   0.013     .0278488    .2311006
------------------------------------------------------------------------------

Absorbed degrees of freedom:
-----------------------------------------------------------+
       Absorbed FE | Categories  - Redundant  = Num. Coefs |
-------------------+---------------------------------------|
   country_id#year |        84           0          84     |
-----------------------------------------------------------+

added scalar:
           e(baseline) =  .02746212

added scalar:
       e(num_scandals) =  176

 ( 1)  post_pres - post_ona = 0

       F(  1,   162) =    7.96
            Prob > F =    0.0054

added scalar:
         e(p_pres_ona) =  .00538134

 ( 1)  post_oa - post_ona = 0

       F(  1,   162) =    5.15
            Prob > F =    0.0246

added scalar:
           e(p_oa_ona) =  .02457666

 ( 1)  post_pres - post_oa = 0

       F(  1,   162) =    3.64
            Prob > F =    0.0580

added scalar:
          e(p_pres_oa) =  .05802424
(MWFE estimator converged in 1 iterations)

HDFE Linear regression                            Number of obs   =     10,736
Absorbing 1 HDFE group                            F(  20,    162) =       0.93
Statistics robust to heteroskedasticity           Prob > F        =     0.5557
                                                  R-squared       =     0.4938
                                                  Adj R-squared   =     0.4889
                                                  Within R-sq.    =     0.0351
Number of clusters (country_id#year#grupo_dias) =        163Root MSE=     0.157
> 5

           (Std. err. adjusted for 163 clusters in country_id#year#grupo_dias)
------------------------------------------------------------------------------
             |               Robust
share_peac~l | Coefficient  std. err.      t    P>|t|     [95% conf. interval]
-------------+----------------------------------------------------------------
   post_pres |  -.0007094   .0082792    -0.09   0.932    -.0170585    .0156397
     post_oa |  -.0153035   .0283249    -0.54   0.590    -.0712371      .04063
    post_ona |   .0192553   .0131308     1.47   0.144    -.0066744    .0451849
             |
       month |
          2  |  -.0035702   .0234892    -0.15   0.879    -.0499547    .0428143
          3  |   .0246738   .0306918     0.80   0.423    -.0359338    .0852815
          4  |   .0478964   .0407932     1.17   0.242    -.0326586    .1284515
          5  |   .0809732   .0406182     1.99   0.048     .0007637    .1611827
          6  |   .0995523   .0418661     2.38   0.019     .0168786    .1822259
          7  |   .0320611   .0281648     1.14   0.257    -.0235563    .0876785
          8  |   .0339376    .029173     1.16   0.246    -.0236708     .091546
          9  |   .0843388   .0471663     1.79   0.076    -.0088012    .1774788
         10  |   .0560769   .0442365     1.27   0.207    -.0312776    .1434313
         11  |   .0168499   .0358417     0.47   0.639    -.0539273    .0876272
         12  |   .0078249   .0335357     0.23   0.816    -.0583987    .0740484
             |
         day |
          1  |  -.0036498   .0036226    -1.01   0.315    -.0108034    .0035039
          2  |  -.0043219   .0037365    -1.16   0.249    -.0117006    .0030567
          3  |  -.0035305   .0040142    -0.88   0.380    -.0114574    .0043963
          4  |  -.0024849   .0036246    -0.69   0.494    -.0096425    .0046727
          5  |   -.001998   .0054697    -0.37   0.715    -.0127992    .0088031
          6  |  -.0036936   .0053003    -0.70   0.487    -.0141601    .0067729
             |
       _cons |   .0029915   .0300878     0.10   0.921    -.0564234    .0624064
------------------------------------------------------------------------------

Absorbed degrees of freedom:
-----------------------------------------------------------+
       Absorbed FE | Categories  - Redundant  = Num. Coefs |
-------------------+---------------------------------------|
   country_id#year |        84           0          84     |
-----------------------------------------------------------+

added scalar:
           e(baseline) =  .06060606

added scalar:
       e(num_scandals) =  176

 ( 1)  post_pres - post_ona = 0

       F(  1,   162) =    1.55
            Prob > F =    0.2146

added scalar:
         e(p_pres_ona) =  .21455366

 ( 1)  post_oa - post_ona = 0

       F(  1,   162) =    0.93
            Prob > F =    0.3360

added scalar:
           e(p_oa_ona) =  .33603622

 ( 1)  post_pres - post_oa = 0

       F(  1,   162) =    0.32
            Prob > F =    0.5705

added scalar:
          e(p_pres_oa) =  .57048711
(MWFE estimator converged in 1 iterations)

HDFE Linear regression                            Number of obs   =     42,657
Absorbing 1 HDFE group                            F(  20,    669) =       2.34
Statistics robust to heteroskedasticity           Prob > F        =     0.0008
                                                  R-squared       =     0.1322
                                                  Adj R-squared   =     0.1296
                                                  Within R-sq.    =     0.0408
Number of clusters (country_id#year#grupo_dias) =        670Root MSE=     0.147
> 6

           (Std. err. adjusted for 670 clusters in country_id#year#grupo_dias)
------------------------------------------------------------------------------
             |               Robust
share_viol~t | Coefficient  std. err.      t    P>|t|     [95% conf. interval]
-------------+----------------------------------------------------------------
   post_pres |   .0089313   .0056294     1.59   0.113    -.0021221    .0199847
     post_oa |   .0576706   .0260198     2.22   0.027     .0065804    .1087608
    post_ona |   .0105738   .0076463     1.38   0.167    -.0044398    .0255874
             |
       month |
          2  |  -.0736478   .0268885    -2.74   0.006    -.1264439   -.0208518
          3  |  -.1049052   .0283963    -3.69   0.000    -.1606617   -.0491487
          4  |  -.1145731   .0286547    -4.00   0.000    -.1708371   -.0583092
          5  |  -.1066567   .0294319    -3.62   0.000    -.1644466   -.0488667
          6  |  -.1061291   .0301757    -3.52   0.000    -.1653795   -.0468787
          7  |  -.0951278   .0319603    -2.98   0.003    -.1578823   -.0323733
          8  |  -.0921186   .0324114    -2.84   0.005     -.155759   -.0284783
          9  |  -.1244673   .0318394    -3.91   0.000    -.1869844   -.0619501
         10  |  -.1239505   .0307927    -4.03   0.000    -.1844125   -.0634885
         11  |  -.1161859   .0311516    -3.73   0.000    -.1773526   -.0550191
         12  |  -.0763338   .0336583    -2.27   0.024    -.1424225   -.0102451
             |
         day |
          1  |   .0002877   .0013172     0.22   0.827    -.0022986    .0028741
          2  |   .0005358   .0014354     0.37   0.709    -.0022827    .0033543
          3  |   .0015624   .0014401     1.08   0.278    -.0012652      .00439
          4  |   .0009527   .0013559     0.70   0.483    -.0017096    .0036149
          5  |   -.000168   .0012715    -0.13   0.895    -.0026645    .0023286
          6  |  -.0011982   .0011229    -1.07   0.286     -.003403    .0010065
             |
       _cons |    .113548   .0270631     4.20   0.000     .0604092    .1666868
------------------------------------------------------------------------------

Absorbed degrees of freedom:
-----------------------------------------------------------+
       Absorbed FE | Categories  - Redundant  = Num. Coefs |
-------------------+---------------------------------------|
   country_id#year |       107           0         107     |
-----------------------------------------------------------+

added scalar:
           e(baseline) =  .02017045

added scalar:
       e(num_scandals) =  176

 ( 1)  post_pres - post_ona = 0

       F(  1,   669) =    0.05
            Prob > F =    0.8280

added scalar:
         e(p_pres_ona) =  .82801875

 ( 1)  post_oa - post_ona = 0

       F(  1,   669) =    2.83
            Prob > F =    0.0929

added scalar:
           e(p_oa_ona) =  .09290033

 ( 1)  post_pres - post_oa = 0

       F(  1,   669) =    3.59
            Prob > F =    0.0586

added scalar:
          e(p_pres_oa) =  .05861303
(MWFE estimator converged in 1 iterations)

HDFE Linear regression                            Number of obs   =     42,657
Absorbing 1 HDFE group                            F(  20,    669) =       2.67
Statistics robust to heteroskedasticity           Prob > F        =     0.0001
                                                  R-squared       =     0.2916
                                                  Adj R-squared   =     0.2895
                                                  Within R-sq.    =     0.0123
Number of clusters (country_id#year#grupo_dias) =        670Root MSE=     0.186
> 5

           (Std. err. adjusted for 670 clusters in country_id#year#grupo_dias)
------------------------------------------------------------------------------
             |               Robust
share_peac~l | Coefficient  std. err.      t    P>|t|     [95% conf. interval]
-------------+----------------------------------------------------------------
   post_pres |  -.0040983    .008605    -0.48   0.634    -.0209944    .0127979
     post_oa |  -.0118294   .0119666    -0.99   0.323    -.0353261    .0116672
    post_ona |  -.0109702    .008878    -1.24   0.217    -.0284023    .0064619
             |
       month |
          2  |   .0136891   .0106934     1.28   0.201    -.0073075    .0346857
          3  |   .0212884    .012376     1.72   0.086    -.0030122    .0455889
          4  |   .0620945   .0172298     3.60   0.000     .0282635    .0959256
          5  |   .0342774    .013695     2.50   0.013     .0073871    .0611677
          6  |   .0634671   .0174552     3.64   0.000     .0291935    .0977406
          7  |   .0265079   .0115928     2.29   0.023     .0037452    .0492706
          8  |   .0338888   .0143306     2.36   0.018     .0057503    .0620272
          9  |   .0420214   .0146712     2.86   0.004     .0132143    .0708285
         10  |   .0704638   .0204632     3.44   0.001      .030284    .1106435
         11  |   .0390568   .0166338     2.35   0.019     .0063961    .0717175
         12  |   .0076524   .0126727     0.60   0.546    -.0172305    .0325354
             |
         day |
          1  |   -.004494   .0020404    -2.20   0.028    -.0085005   -.0004876
          2  |  -.0035251    .002086    -1.69   0.092    -.0076209    .0005707
          3  |   -.000624   .0022344    -0.28   0.780    -.0050113    .0037634
          4  |   .0009893   .0021881     0.45   0.651     -.003307    .0052855
          5  |   .0025502   .0035256     0.72   0.470    -.0043724    .0094728
          6  |  -.0026672   .0025238    -1.06   0.291    -.0076227    .0022884
             |
       _cons |    .022105   .0094834     2.33   0.020     .0034842    .0407259
------------------------------------------------------------------------------

Absorbed degrees of freedom:
-----------------------------------------------------------+
       Absorbed FE | Categories  - Redundant  = Num. Coefs |
-------------------+---------------------------------------|
   country_id#year |       107           0         107     |
-----------------------------------------------------------+

added scalar:
           e(baseline) =  .04801136

added scalar:
       e(num_scandals) =  176

 ( 1)  post_pres - post_ona = 0

       F(  1,   669) =    0.41
            Prob > F =    0.5206

added scalar:
         e(p_pres_ona) =  .52064299

 ( 1)  post_oa - post_ona = 0

       F(  1,   669) =    0.00
            Prob > F =    0.9551

added scalar:
           e(p_oa_ona) =  .95511984

 ( 1)  post_pres - post_oa = 0

       F(  1,   669) =    0.35
            Prob > F =    0.5545

added scalar:
          e(p_pres_oa) =  .5544786

. 
. esttab _all using "${tables}/sup_hierarchy_regression.tex", ///
>         replace booktabs nonotes nogaps b(3) se(3) ///
>         star(* 0.10 ** 0.05 *** 0.01) ///
>         mtitles("\shortstack{Violent\\Protests}" ///
>                 "\shortstack{Peaceful\\Protests}" ///
>                 "\shortstack{Violent\\Protests}" ///
>                 "\shortstack{Peaceful\\Protests}" ///
>                 "\shortstack{Share\\Violent}" ///
>                 "\shortstack{Share\\Peaceful}" ///
>                 "\shortstack{Share\\Violent}" ///
>                 "\shortstack{Share\\Peaceful}") ///
>         mgroups("$\pm 30$-Day Window" "$\pm 120$-Day Window" "Shares ($\pm 30
> $-Day)" "Shares ($\pm 120$-Day)", ///
>                 pattern(1 0 1 0 1 0 1 0) ///
>                 prefix(\multicolumn{2}{c}{) suffix(}) span ///
>                 erepeat(\cmidrule(lr){@span})) ///
>         stats(p_pres_ona p_oa_ona p_pres_oa baseline N num_scandals r2, ///
>               label("p-value: President $$=$$ Other Non-Apex" ///
>                     "p-value: Other Apex $$=$$ Other Non-Apex" ///
>                     "p-value: President $$=$$ Other Apex" ///
>                     "Mean (Pre-Scandal Bin)" ///
>                     "Observations" ///
>                     "Number of Scandals" ///
>                     "R-squared") ///
>               fmt(3 3 3 3 0 0 3)) ///
>         keep(post_pres post_oa post_ona) ///
>         coeflabels(post_pres "Post $\times$ President" ///
>                    post_oa   "Post $\times$ Other Apex" ///
>                    post_ona  "Post $\times$ Other Non-Apex") ///
>         substitute(\$ $)
(output written to ~/Dropbox/Corrupcion/protest_repo/paper/tables/sup_hierarchy
> _regression.tex)

. 
. display in green "a_sup_hierarchy_regression.do finished OK"
a_sup_hierarchy_regression.do finished OK

. 
end of do-file
